// Jest Snapshot v1, https://goo.gl/fbAQLP

exports[`Forecast summaries renders the summary components correctly 1`] = `
<DocumentFragment>
  <div
    class="forecast-summary"
    data-testid="forecast-summary"
  >
    <div
      class="forecast-summary__date"
    >
      ...
    </div>
    <div
      class="forecast-summary_icon"
      data-testid="forecast-icon"
    >
      ...
    </div>
    <div
      class="forecast-summary__temperature"
    >
      ...
    </div>
    <div
      class="forecast-summary__description"
    >
      ...
    </div>
    <button
      type="button"
    >
      More details
    </button>
  </div>
</DocumentFragment>
`;
